.DS_Store
._.
._.DS_Store
.git/
._.git
.github/
._.github
.gitignore
._.gitignore
._README-ja.md
README.md
._README.md
VERSION.mk
._VERSION.mk
._icons
manifest-v2.json
._manifest-v2.json
manifest-v3.json
._manifest-v3.json
manifest.json
._manifest.json
pretty-icon.svg
._pretty-icon.svg
changelog.md
chatgpt-conv-export.js
rcync-exclude.lst
rcync-exclude.txt
.git/.DS_Store
.git/._.DS_Store
.git/COMMIT_EDITMSG
.git/._COMMIT_EDITMSG
.git/FETCH_HEAD
.git/._FETCH_HEAD
.git/HEAD
.git/._HEAD
.git/description
.git/._description
.git/hooks/
.git/._hooks
.git/index
.git/._index
.git/info/
.git/._info
.git/ORIG_HEAD
.git/config
.git/packed-refs
.git/hooks/applypatch-msg.sample
.git/hooks/._applypatch-msg.sample
.git/hooks/commit-msg.sample
.git/hooks/._commit-msg.sample
.git/hooks/fsmonitor-watchman.sample
.git/hooks/._fsmonitor-watchman.sample
.git/hooks/post-update.sample
.git/hooks/._post-update.sample
.git/hooks/pre-applypatch.sample
.git/hooks/._pre-applypatch.sample
.git/hooks/pre-commit.sample
.git/hooks/._pre-commit.sample
.git/hooks/pre-merge-commit.sample
.git/hooks/._pre-merge-commit.sample
.git/hooks/pre-push.sample
.git/hooks/._pre-push.sample
.git/hooks/pre-rebase.sample
.git/hooks/._pre-rebase.sample
.git/hooks/pre-receive.sample
.git/hooks/._pre-receive.sample
.git/hooks/prepare-commit-msg.sample
.git/hooks/._prepare-commit-msg.sample
.git/hooks/push-to-checkout.sample
.git/hooks/._push-to-checkout.sample
.git/hooks/update.sample
.git/hooks/._update.sample
.git/info/exclude
.git/info/._exclude
.git/logs/
.git/logs/.DS_Store
.git/logs/._.DS_Store
.git/logs/HEAD
.git/logs/._HEAD
.git/logs/refs/
.git/logs/refs/heads/
.git/logs/refs/._heads
.git/logs/refs/heads/main
.git/logs/refs/heads/._main
.git/logs/refs/remotes/
.git/logs/refs/remotes/origin/
.git/logs/refs/remotes/origin/main
.git/logs/refs/remotes/origin/._main
.git/logs/refs/remotes/origin/HEAD
.git/objects/
.git/objects/.DS_Store
.git/objects/._.DS_Store
.git/objects/04/
.git/objects/._04
.git/objects/0a/
.git/objects/._0a
.git/objects/0c/
.git/objects/._0c
.git/objects/0e/
.git/objects/._0e
.git/objects/14/
.git/objects/._14
.git/objects/15/
.git/objects/._15
.git/objects/17/
.git/objects/._17
.git/objects/1f/
.git/objects/._1f
.git/objects/27/
.git/objects/._27
.git/objects/3f/
.git/objects/._3f
.git/objects/40/
.git/objects/._40
.git/objects/53/
.git/objects/._53
.git/objects/6f/
.git/objects/._6f
.git/objects/71/
.git/objects/._71
.git/objects/73/
.git/objects/._73
.git/objects/76/
.git/objects/._76
.git/objects/8b/
.git/objects/._8b
.git/objects/8e/
.git/objects/._8e
.git/objects/93/
.git/objects/._93
.git/objects/97/
.git/objects/._97
.git/objects/a2/
.git/objects/._a2
.git/objects/a3/
.git/objects/._a3
.git/objects/dd/
.git/objects/._dd
.git/objects/e1/
.git/objects/._e1
.git/objects/ed/
.git/objects/._ed
.git/objects/f7/
.git/objects/._f7
.git/objects/02/
.git/objects/02/bb42774616dae60a1b666de67d49dd7f847fed
.git/objects/04/34699257d9fd38d070d2766d413adbe24fea57
.git/objects/04/._34699257d9fd38d070d2766d413adbe24fea57
.git/objects/05/
.git/objects/05/b02a3b44c99ad33112f7e70d554dc6da56f9ba
.git/objects/05/._b02a3b44c99ad33112f7e70d554dc6da56f9ba
.git/objects/05/050e90d8589dc7961fde9f668bead32f8796d5
.git/objects/0a/dca5df9f8c3090421903f23c1641fda72cdad1
.git/objects/0a/._dca5df9f8c3090421903f23c1641fda72cdad1
.git/objects/0c/2f052f8e94d87e1cb912768e6fadbf89f32d1e
.git/objects/0c/._2f052f8e94d87e1cb912768e6fadbf89f32d1e
.git/objects/0e/06c0fa94731fe0309489c6a4f46e7e07cc98b8
.git/objects/0e/._06c0fa94731fe0309489c6a4f46e7e07cc98b8
.git/objects/14/86b5a61f189da39831027e319df0ecd760968f
.git/objects/14/._86b5a61f189da39831027e319df0ecd760968f
.git/objects/15/021881c597185880720fa949e8849d8ed31ea7
.git/objects/15/._021881c597185880720fa949e8849d8ed31ea7
.git/objects/16/
.git/objects/16/84825e8aa9bbc6ed2fcecef866222b96f37a89
.git/objects/17/d299d2921c51f522389a2c8ccd1691ed14113e
.git/objects/17/._d299d2921c51f522389a2c8ccd1691ed14113e
.git/objects/1f/3da49419a170b18a4d7a66631d6f45354bda4e
.git/objects/1f/._3da49419a170b18a4d7a66631d6f45354bda4e
.git/objects/27/04f0bb7f9ef07ffe5414af72f998c75fe0cc6e
.git/objects/27/._04f0bb7f9ef07ffe5414af72f998c75fe0cc6e
.git/objects/2c/
.git/objects/2c/db2aec10febe014c2582ecccba81c2ac921e85
.git/objects/2c/._db2aec10febe014c2582ecccba81c2ac921e85
.git/objects/2c/c52c30583d55ab621d193e9414b43ef9b36da4
.git/objects/2d/
.git/objects/2d/de215d478e7587edeabe8b4eb5bc9059353ff7
.git/objects/33/
.git/objects/33/eff4c15f139d41948b99532f5b66f03ff15109
.git/objects/33/._eff4c15f139d41948b99532f5b66f03ff15109
.git/objects/33/1a9e78f5c4eb9f1f5d3a9216449a8579b75c80
.git/objects/3a/
.git/objects/3a/6432c994d494b0314f497f728ff10baeed9ff2
.git/objects/3f/c62e48b33814137374bfc63e3998dce51add7a
.git/objects/3f/._c62e48b33814137374bfc63e3998dce51add7a
.git/objects/40/2a6c7478ad68ba459a4202ff21ed90ec50b9f3
.git/objects/40/._2a6c7478ad68ba459a4202ff21ed90ec50b9f3
.git/objects/41/
.git/objects/41/d86b49ac2cf5e149d9879c714984f5e2a7a89d
.git/objects/43/
.git/objects/43/7ca76ccd902e2a8b91f728bac7b16a58940bae
.git/objects/4e/
.git/objects/4e/9b700e83f19aa62b2dc0588f058d60229950ed
.git/objects/53/ba422183ba0471c4b9d75c257d36b2284eea3e
.git/objects/53/._ba422183ba0471c4b9d75c257d36b2284eea3e
.git/objects/58/
.git/objects/58/c1bb7326756a3bd4c1e4b11e749792ab027f7d
.git/objects/5f/
.git/objects/5f/a8ce50e9e9278ad529f9ef04387ed9a2e5b4fc
.git/objects/60/
.git/objects/60/8cba465f09bb9a98f6e43db4b67389823ecf8b
.git/objects/62/
.git/objects/62/000c5f0cec014786c635ccae6a42c92ca5b297
.git/objects/64/
.git/objects/64/c77fb1eda6eafb554e1d0911b7f69787fab95a
.git/objects/65/
.git/objects/65/355bb7426d7716745539bdb18d55790db161c7
.git/objects/6c/
.git/objects/6c/a2744dd92a0945c71cf2b7c09897b45a546554
.git/objects/6f/130cc0ff338fbe64ac60eae599f8bdb080231f
.git/objects/6f/._130cc0ff338fbe64ac60eae599f8bdb080231f
.git/objects/71/bf8a29b9fd2a50999095e4a21670b9db560ec6
.git/objects/71/._bf8a29b9fd2a50999095e4a21670b9db560ec6
.git/objects/73/e2f2966d1931187a4e7eac8896a0b6a6cd445b
.git/objects/73/._e2f2966d1931187a4e7eac8896a0b6a6cd445b
.git/objects/76/830edbe83f8e8f6ce940f838563b4f27b3c956
.git/objects/76/._830edbe83f8e8f6ce940f838563b4f27b3c956
.git/objects/7a/
.git/objects/7a/8ea1222267aa69f4637279a9d0a59bc1d1075e
.git/objects/7d/
.git/objects/7d/9dcd975dc2c7b4ce53cde93813fcb921f37c16
.git/objects/7d/._9dcd975dc2c7b4ce53cde93813fcb921f37c16
.git/objects/7d/e317018f13135effe4796580dffa9a7045c0ff
.git/objects/84/
.git/objects/84/3a525fbe8d449a36febf901aff9973311d7aad
.git/objects/84/3a54229b280ff0e20ed7e95b5e975806385360
.git/objects/85/
.git/objects/85/1f3ea6c60ecab0580ed9e12650157363feb41e
.git/objects/85/48a8f1889abbb0fafebc73e8b3686d4df3e3cc
.git/objects/8b/61e028247cef81d8790804eab16427dbd217bf
.git/objects/8b/._61e028247cef81d8790804eab16427dbd217bf
.git/objects/8b/6f2701b0866d82eec6363b4d4f74c5788d4158
.git/objects/8b/._6f2701b0866d82eec6363b4d4f74c5788d4158
.git/objects/8e/47e2412f94df37a16870643dfc691c1b588f3c
.git/objects/8e/._47e2412f94df37a16870643dfc691c1b588f3c
.git/objects/91/
.git/objects/91/9026ad95df59742b31d0a3fc73cb378a2cc571
.git/objects/93/5cb1883e18442a25bd81a6790857e0c85497b8
.git/objects/93/._5cb1883e18442a25bd81a6790857e0c85497b8
.git/objects/96/
.git/objects/96/01051865cc6c0be9646238e502fe6657f9a68a
.git/objects/97/82f898b4d229497072b6642a250d4f5d4adfe1
.git/objects/97/._82f898b4d229497072b6642a250d4f5d4adfe1
.git/objects/9a/
.git/objects/9a/d59a671a0a6064c7dcddf32f17130079c9ae68
.git/objects/a2/0d68eac865b215438155ff0d2bf8938d8594b7
.git/objects/a2/._0d68eac865b215438155ff0d2bf8938d8594b7
.git/objects/a3/b077bba1b417d3d1d703f53fda38d124db49cd
.git/objects/a3/._b077bba1b417d3d1d703f53fda38d124db49cd
.git/objects/a3/e9a187f45861838015acbcc5ded284c9e20677
.git/objects/a3/._e9a187f45861838015acbcc5ded284c9e20677
.git/objects/ac/
.git/objects/ac/7d32e6de9ecd22add2f2a4d64a1d8bd336afe7
.git/objects/ac/837ad2a9df031f9f325834095b79e0d166b5c5
.git/objects/b8/
.git/objects/b8/6a7a5ce289224407ef7f6d9a0ce6e2d5be7dad
.git/objects/c4/
.git/objects/c4/65377f023efd1977ae0e3fd38e8fd7c180b317
.git/objects/c4/._65377f023efd1977ae0e3fd38e8fd7c180b317
.git/objects/c4/b01d3687054e4760096cc570906476af19e12a
.git/objects/c7/
.git/objects/c7/1369615b30eebcf268c9cdbe5e1d75e37dbe1b
.git/objects/c7/c70141c073fa67d941d05ea7ae40703c9ea311
.git/objects/ca/
.git/objects/ca/28f06779d179d42b21ff8ae2227b7f83b5a45a
.git/objects/d6/
.git/objects/d6/7d3ca3f2854dd7e61f8429abef3552c3d1b811
.git/objects/dd/66cc18e3d39cb6262f104126588ff67f98ff18
.git/objects/dd/._66cc18e3d39cb6262f104126588ff67f98ff18
.git/objects/df/
.git/objects/df/400a2528e22f9559be09ea6324ca6d1e3805db
.git/objects/e1/445fddd26112e276ca1276fb2857da21718eac
.git/objects/e1/._445fddd26112e276ca1276fb2857da21718eac
.git/objects/e4/
.git/objects/e4/0dd6fcf6b65199ab6a2e529496936c6f494729
.git/objects/e5/
.git/objects/e5/1c03d1e9d7bdea9f855ab1d402076d146379a3
.git/objects/e5/eb6bffdc3a04ed87780ae1060ddd6cba0215e0
.git/objects/ea/
.git/objects/ea/7b4bd1681c57c1889a274b8c08930f89e38e48
.git/objects/ea/._7b4bd1681c57c1889a274b8c08930f89e38e48
.git/objects/ea/6d17931ad902a78bcb6361d0a13e1299b3f11c
.git/objects/eb/
.git/objects/eb/168ba965286f299a7ea3e41711f544dbc29e3a
.git/objects/eb/9514192df1fb975e1ed46ec1f6cca6c2cb07b2
.git/objects/ed/0ab0a91b6fc6a88ae2ef0590a7f53a02eec5ea
.git/objects/ed/._0ab0a91b6fc6a88ae2ef0590a7f53a02eec5ea
.git/objects/f1/
.git/objects/f1/0489745879b2ef487378d38a53bd0cb82db2bd
.git/objects/f1/efe7b2bf6b7823677ea27af0b01fd858e0ce96
.git/objects/f2/
.git/objects/f2/c6b09bec78c03960b8434e146cc772ef4e900c
.git/objects/f6/
.git/objects/f6/fedea9cf7a158567af6dae52cb4ac6fa06c221
.git/objects/f6/._fedea9cf7a158567af6dae52cb4ac6fa06c221
.git/objects/f6/6eea03eda7acd83274a1a3d0da9512f1b68539
.git/objects/f7/1a2002b4842f9455e5d8f1a2e603cfae9c307d
.git/objects/f7/._1a2002b4842f9455e5d8f1a2e603cfae9c307d
.git/objects/info/
.git/objects/pack/
.git/objects/pack/pack-23f8d85b2843b85d81366f0f2dd81be443bf113d.idx
.git/objects/pack/pack-23f8d85b2843b85d81366f0f2dd81be443bf113d.pack
.git/refs/
.git/refs/.DS_Store
.git/refs/._.DS_Store
.git/refs/heads/
.git/refs/heads/main
.git/refs/heads/._main
.git/refs/remotes/
.git/refs/remotes/origin/
.git/refs/remotes/._origin
.git/refs/remotes/origin/HEAD
.git/refs/remotes/origin/._HEAD
.git/refs/remotes/origin/main
.git/refs/remotes/origin/._main
.git/refs/tags/
.git/refs/tags/local-build-1.0.1
.git/refs/tags/._local-build-1.0.1
.git/refs/tags/local-build-1.0
.github/FUNDING.yml
ChatGPT Export JSON Chatlogs/
ChatGPT Export JSON Chatlogs/.DS_Store
ChatGPT Export JSON Chatlogs/ChatGPT Export JSON Chatlogs/
ChatGPT Export JSON Chatlogs/._ChatGPT Export JSON Chatlogs
ChatGPT Export JSON Chatlogs/ChatGPT Export JSON Chatlogs Extension/
ChatGPT Export JSON Chatlogs/._ChatGPT Export JSON Chatlogs Extension
ChatGPT Export JSON Chatlogs/ChatGPT Export JSON Chatlogs.xcodeproj/
ChatGPT Export JSON Chatlogs/._ChatGPT Export JSON Chatlogs.xcodeproj
ChatGPT Export JSON Chatlogs/ChatGPT Export JSON ChatlogsTests/
ChatGPT Export JSON Chatlogs/._ChatGPT Export JSON ChatlogsTests
ChatGPT Export JSON Chatlogs/ChatGPT Export JSON ChatlogsUITests/
ChatGPT Export JSON Chatlogs/._ChatGPT Export JSON ChatlogsUITests
ChatGPT Export JSON Chatlogs/ChatGPT Export JSON Chatlogs Extension/ChatGPT_Export_JSON_Chatlogs_Extension.entitlements
ChatGPT Export JSON Chatlogs/ChatGPT Export JSON Chatlogs Extension/Info.plist
ChatGPT Export JSON Chatlogs/ChatGPT Export JSON Chatlogs Extension/SafariWebExtensionHandler.swift
ChatGPT Export JSON Chatlogs/ChatGPT Export JSON Chatlogs.xcodeproj/project.pbxproj
ChatGPT Export JSON Chatlogs/ChatGPT Export JSON Chatlogs.xcodeproj/._project.pbxproj
ChatGPT Export JSON Chatlogs/ChatGPT Export JSON Chatlogs.xcodeproj/project.xcworkspace/
ChatGPT Export JSON Chatlogs/ChatGPT Export JSON Chatlogs.xcodeproj/._project.xcworkspace
ChatGPT Export JSON Chatlogs/ChatGPT Export JSON Chatlogs.xcodeproj/project.xcworkspace/contents.xcworkspacedata
ChatGPT Export JSON Chatlogs/ChatGPT Export JSON Chatlogs.xcodeproj/project.xcworkspace/._contents.xcworkspacedata
ChatGPT Export JSON Chatlogs/ChatGPT Export JSON Chatlogs.xcodeproj/project.xcworkspace/xcshareddata/
ChatGPT Export JSON Chatlogs/ChatGPT Export JSON Chatlogs.xcodeproj/project.xcworkspace/xcshareddata/swiftpm/
ChatGPT Export JSON Chatlogs/ChatGPT Export JSON Chatlogs.xcodeproj/project.xcworkspace/xcshareddata/swiftpm/configuration/
ChatGPT Export JSON Chatlogs/ChatGPT Export JSON Chatlogs.xcodeproj/project.xcworkspace/xcuserdata/
ChatGPT Export JSON Chatlogs/ChatGPT Export JSON Chatlogs.xcodeproj/project.xcworkspace/xcuserdata/mps.xcuserdatad/
ChatGPT Export JSON Chatlogs/ChatGPT Export JSON Chatlogs.xcodeproj/project.xcworkspace/xcuserdata/mps.xcuserdatad/UserInterfaceState.xcuserstate
ChatGPT Export JSON Chatlogs/ChatGPT Export JSON Chatlogs.xcodeproj/xcuserdata/
ChatGPT Export JSON Chatlogs/ChatGPT Export JSON Chatlogs.xcodeproj/xcuserdata/mps.xcuserdatad/
ChatGPT Export JSON Chatlogs/ChatGPT Export JSON Chatlogs.xcodeproj/xcuserdata/mps.xcuserdatad/xcschemes/
ChatGPT Export JSON Chatlogs/ChatGPT Export JSON Chatlogs.xcodeproj/xcuserdata/mps.xcuserdatad/._xcschemes
ChatGPT Export JSON Chatlogs/ChatGPT Export JSON Chatlogs.xcodeproj/xcuserdata/mps.xcuserdatad/xcschemes/xcschememanagement.plist
ChatGPT Export JSON Chatlogs/ChatGPT Export JSON Chatlogs/.DS_Store
ChatGPT Export JSON Chatlogs/ChatGPT Export JSON Chatlogs/Assets.xcassets/
ChatGPT Export JSON Chatlogs/ChatGPT Export JSON Chatlogs/._Assets.xcassets
ChatGPT Export JSON Chatlogs/ChatGPT Export JSON Chatlogs/Base.lproj/
ChatGPT Export JSON Chatlogs/ChatGPT Export JSON Chatlogs/._Base.lproj
ChatGPT Export JSON Chatlogs/ChatGPT Export JSON Chatlogs/Resources/
ChatGPT Export JSON Chatlogs/ChatGPT Export JSON Chatlogs/._Resources
ChatGPT Export JSON Chatlogs/ChatGPT Export JSON Chatlogs/AppDelegate.swift
ChatGPT Export JSON Chatlogs/ChatGPT Export JSON Chatlogs/ChatGPT Export JSON Chatlogs.entitlements
ChatGPT Export JSON Chatlogs/ChatGPT Export JSON Chatlogs/ChatGPT_Export_JSON_Chatlogs.entitlements
ChatGPT Export JSON Chatlogs/ChatGPT Export JSON Chatlogs/Info.plist
ChatGPT Export JSON Chatlogs/ChatGPT Export JSON Chatlogs/ViewController.swift
ChatGPT Export JSON Chatlogs/ChatGPT Export JSON Chatlogs/Assets.xcassets/.DS_Store
ChatGPT Export JSON Chatlogs/ChatGPT Export JSON Chatlogs/Assets.xcassets/._.DS_Store
ChatGPT Export JSON Chatlogs/ChatGPT Export JSON Chatlogs/Assets.xcassets/AccentColor.colorset/
ChatGPT Export JSON Chatlogs/ChatGPT Export JSON Chatlogs/Assets.xcassets/._AccentColor.colorset
ChatGPT Export JSON Chatlogs/ChatGPT Export JSON Chatlogs/Assets.xcassets/AppIcon.appiconset/
ChatGPT Export JSON Chatlogs/ChatGPT Export JSON Chatlogs/Assets.xcassets/._AppIcon.appiconset
ChatGPT Export JSON Chatlogs/ChatGPT Export JSON Chatlogs/Assets.xcassets/Contents.json
ChatGPT Export JSON Chatlogs/ChatGPT Export JSON Chatlogs/Assets.xcassets/._Contents.json
ChatGPT Export JSON Chatlogs/ChatGPT Export JSON Chatlogs/Assets.xcassets/LargeIcon.imageset/
ChatGPT Export JSON Chatlogs/ChatGPT Export JSON Chatlogs/Assets.xcassets/._LargeIcon.imageset
ChatGPT Export JSON Chatlogs/ChatGPT Export JSON Chatlogs/Assets.xcassets/AccentColor.colorset/Contents.json
ChatGPT Export JSON Chatlogs/ChatGPT Export JSON Chatlogs/Assets.xcassets/AccentColor.colorset/._Contents.json
ChatGPT Export JSON Chatlogs/ChatGPT Export JSON Chatlogs/Assets.xcassets/AppIcon.appiconset/Contents.json
ChatGPT Export JSON Chatlogs/ChatGPT Export JSON Chatlogs/Assets.xcassets/AppIcon.appiconset/mac-icon-128@1x.png
ChatGPT Export JSON Chatlogs/ChatGPT Export JSON Chatlogs/Assets.xcassets/AppIcon.appiconset/mac-icon-128@2x.png
ChatGPT Export JSON Chatlogs/ChatGPT Export JSON Chatlogs/Assets.xcassets/AppIcon.appiconset/mac-icon-16@1x.png
ChatGPT Export JSON Chatlogs/ChatGPT Export JSON Chatlogs/Assets.xcassets/AppIcon.appiconset/mac-icon-16@2x.png
ChatGPT Export JSON Chatlogs/ChatGPT Export JSON Chatlogs/Assets.xcassets/AppIcon.appiconset/mac-icon-256@1x.png
ChatGPT Export JSON Chatlogs/ChatGPT Export JSON Chatlogs/Assets.xcassets/AppIcon.appiconset/mac-icon-256@2x.png
ChatGPT Export JSON Chatlogs/ChatGPT Export JSON Chatlogs/Assets.xcassets/AppIcon.appiconset/mac-icon-32@1x.png
ChatGPT Export JSON Chatlogs/ChatGPT Export JSON Chatlogs/Assets.xcassets/AppIcon.appiconset/mac-icon-32@2x.png
ChatGPT Export JSON Chatlogs/ChatGPT Export JSON Chatlogs/Assets.xcassets/AppIcon.appiconset/mac-icon-512@1x.png
ChatGPT Export JSON Chatlogs/ChatGPT Export JSON Chatlogs/Assets.xcassets/AppIcon.appiconset/mac-icon-512@2x.png
ChatGPT Export JSON Chatlogs/ChatGPT Export JSON Chatlogs/Assets.xcassets/LargeIcon.imageset/Contents.json
ChatGPT Export JSON Chatlogs/ChatGPT Export JSON Chatlogs/Base.lproj/Main.storyboard
ChatGPT Export JSON Chatlogs/ChatGPT Export JSON Chatlogs/Resources/Base.lproj/
ChatGPT Export JSON Chatlogs/ChatGPT Export JSON Chatlogs/Resources/._Base.lproj
ChatGPT Export JSON Chatlogs/ChatGPT Export JSON Chatlogs/Resources/Icon.png
ChatGPT Export JSON Chatlogs/ChatGPT Export JSON Chatlogs/Resources/Script.js
ChatGPT Export JSON Chatlogs/ChatGPT Export JSON Chatlogs/Resources/Style.css
ChatGPT Export JSON Chatlogs/ChatGPT Export JSON Chatlogs/Resources/Base.lproj/Main.html
ChatGPT Export JSON Chatlogs/ChatGPT Export JSON ChatlogsTests/ChatGPT_Export_JSON_ChatlogsTests.swift
ChatGPT Export JSON Chatlogs/ChatGPT Export JSON ChatlogsUITests/ChatGPT_Export_JSON_ChatlogsUITests.swift
ChatGPT Export JSON Chatlogs/ChatGPT Export JSON ChatlogsUITests/ChatGPT_Export_JSON_ChatlogsUITestsLaunchTests.swift
graphics/
graphics/Screenshot 2025-03-10 at 14.30.26.png
graphics/._Screenshot 2025-03-10 at 14.30.26.png
graphics/Screenshot 2025-03-14 at 09.53.19.png
graphics/._Screenshot 2025-03-14 at 09.53.19.png
graphics/Screenshot 2024-11-06 at 12.46.30.png
icons/.DS_Store
icons/LogGPT-download.png
icons/._LogGPT-download.png
icons/LogGPT.png
icons/._LogGPT.png
icons/LogGPorig.png
icons/._LogGPorig.png
icons/download-icon.min.svg
icons/._download-icon.min.svg
icons/download-icon.png
icons/._download-icon.png
icons/download-icon.svg
icons/._download-icon.svg
icons/icon-128-download.png
icons/._icon-128-download.png
icons/icon-128.png
icons/._icon-128.png
icons/icon-16-download.png
icons/._icon-16-download.png
icons/icon-16.png
icons/._icon-16.png
icons/icon-256-download.png
icons/._icon-256-download.png
icons/icon-256.png
icons/._icon-256.png
icons/icon-32-download.png
icons/._icon-32-download.png
icons/icon-32.png
icons/._icon-32.png
icons/icon-48-download.png
icons/._icon-48-download.png
icons/icon-48.png
icons/._icon-48.png
icons/icon-96-download.png
icons/._icon-96-download.png
icons/icon-96.png
icons/._icon-96.png
